// Jest Snapshot v1, https://goo.gl/fbAQLP

exports[`test if MyProfile page works correctly renders correctly 1`] = `null`;
