// Jest Snapshot v1, https://goo.gl/fbAQLP

exports[`Rockets test snapshot for rockets 1`] = `null`;

exports[`renders correctly 1`] = `
<div
  className="bks_main_cont""
>
  <ul
    className="books_container"
  />
</div>
`;

exports[`test if rockets page works correctly renders correctly 1`] = `
<div
  className="bks_main_cont""
>
  <ul
    className="books_container"
  />
</div>
`;
